// Jest Snapshot v1, https://goo.gl/fbAQLP

exports[`Component: CartItem should render CartItem 1`] = `
<DocumentFragment>
  <article
    aria-label="Sneakers Paco in your cart, unit price 54.5 $, quantity 1"
    class="cartitem"
    tabindex="0"
  >
    <header>
      <picture>
        <source
          media="(min-width: 901px)"
          srcset="https://i.ibb.co/DrymCMM/4-250-250.webp"
        />
        <source
          media="(min-width: 651px)"
          srcset="https://i.ibb.co/84RrCYH/4-400-400.webp"
        />
        <source
          media="(max-width: 650px)"
          srcset="https://i.ibb.co/LSd3drp/4-360-360.webp"
        />
        <img
          alt="Paco"
          src="https://i.ibb.co/DrymCMM/4-250-250.webp"
        />
      </picture>
      <button
        aria-label="Remove sneakers Paco from cart"
      >
        Remove product
      </button>
    </header>
    <section
      class="cartitem-descriptor"
    >
      <h2>
        Paco
      </h2>
      <p>
        Ab odit numquam consectetur aut.
      </p>
    </section>
    <footer>
      <div
        class="quantity"
      >
        <button
          aria-label="Reduce the quantity of Paco by one"
          class="quantity-minus"
        >
          -
        </button>
        <h3
          aria-label="Quantity of product Paco is 1"
          class="quantity-value"
          tabindex="0"
        >
          1
        </h3>
        <button
          aria-label="Increase the quantity of Paco by one"
          class="quantity-plus"
        >
          +
        </button>
      </div>
      <h3
        aria-label="Sneakers Paco unit price is 54.5 $"
        class="price"
        tabindex="0"
      >
        54.5 $
      </h3>
      <div
        class="full-price"
      >
        <h3
          aria-label="Total price of the ordered sneakers Paco is 54.50 $"
          tabindex="0"
        >
          54.50 $
        </h3>
      </div>
    </footer>
  </article>
</DocumentFragment>
`;
