// Jest Snapshot v1, https://goo.gl/fbAQLP

exports[`Component: Header should render Header 1`] = `
<DocumentFragment>
  <div
    class="message"
  >
    <h2>
      There are no sneakers in your cart yet!!! )
    </h2>
    <a
      class="link"
      href="/optiCart/"
    >
      Choose 
      <span>
        YOURS
      </span>
      !
    </a>
  </div>
</DocumentFragment>
`;
