// Jest Snapshot v1, https://goo.gl/fbAQLP

exports[`Component: ErrorMessage should render ErrorMessage 1`] = `
<DocumentFragment>
  <div
    class="error-message"
  >
    <p>
      Test Error String
    </p>
    <a
      class=""
      href="/optiCart/"
    >
      Back to main page
    </a>
  </div>
</DocumentFragment>
`;
