// Jest Snapshot v1, https://goo.gl/fbAQLP

exports[`Component: Header should render Header 1`] = `
<DocumentFragment>
  <header
    class="header"
  >
    <h1>
      sneakers. 
      <span>
        [ ]
      </span>
    </h1>
    <nav
      class="header-menu"
    >
      <ul>
        <li>
          <a
            aria-label="Go to main page"
            class=""
            href="/optiCart/"
          >
            Main
          </a>
        </li>
        <li>
          <a
            aria-label="Go to cart page"
            class=""
            href="/optiCart/cart"
          >
            Cart
          </a>
        </li>
      </ul>
    </nav>
  </header>
</DocumentFragment>
`;
