// Jest Snapshot v1, https://goo.gl/fbAQLP

exports[`Component: ProductCard should render ProductCard 1`] = `
<DocumentFragment>
  <article
    class="product"
  >
    <header>
      <img
        alt="Paco"
        height="200"
        src="https://i.ibb.co/tDLC3HD/4-200-200.webp"
        width="200"
      />
    </header>
    <section
      class="product-descriptor"
    >
      <h2>
        Paco
      </h2>
      <p>
        Ab odit numquam consectetur aut.
      </p>
    </section>
    <footer>
      54.5 $
      <button>
        Add to cart
      </button>
    </footer>
  </article>
</DocumentFragment>
`;
