// Jest Snapshot v1, https://goo.gl/fbAQLP

exports[`Component: Checkout should render Checkout 1`] = `
<DocumentFragment>
  <section
    class="checkout"
  >
    <h2
      aria-label="Final price of the entire order is 0.00"
      tabindex="0"
    >
      Total: 0.00 $
    </h2>
    <button
      aria-label="Checkout order"
    >
      Checkout
    </button>
  </section>
</DocumentFragment>
`;
