// Jest Snapshot v1, https://goo.gl/fbAQLP

exports[`Component: ErrorGif should render ErrorGif 1`] = `
<DocumentFragment>
  <img
    alt="An error has occurred"
    src="error.gif"
    style="display: block; width: 250px; height: 250px; object-fit: contain; margin: 0px auto;"
  />
</DocumentFragment>
`;
